Archive member included because of file (symbol)

/Users/jameswang/pebble-dev/PebbleSDK-2.7/Pebble/lib/libpebble.a(tmpu_Elzfpebble.o)
                              src/simply/simply_accel.c.12.o (accel_data_service_unsubscribe)

Discarded input sections

 .text          0x0000000000000000        0x0 /Users/jameswang/pebble-dev/PebbleSDK-2.7/arm-cs-tools/bin/../lib/gcc/arm-none-eabi/4.7.2/thumb2/crti.o
 .bss           0x0000000000000000        0x0 /Users/jameswang/pebble-dev/PebbleSDK-2.7/arm-cs-tools/bin/../lib/gcc/arm-none-eabi/4.7.2/thumb2/crti.o
 .init          0x0000000000000000        0x4 /Users/jameswang/pebble-dev/PebbleSDK-2.7/arm-cs-tools/bin/../lib/gcc/arm-none-eabi/4.7.2/thumb2/crti.o
 .fini          0x0000000000000000        0x4 /Users/jameswang/pebble-dev/PebbleSDK-2.7/arm-cs-tools/bin/../lib/gcc/arm-none-eabi/4.7.2/thumb2/crti.o
 .text          0x0000000000000000       0xc8 /Users/jameswang/pebble-dev/PebbleSDK-2.7/arm-cs-tools/bin/../lib/gcc/arm-none-eabi/4.7.2/thumb2/crtbegin.o
 .bss           0x0000000000000000       0x1c /Users/jameswang/pebble-dev/PebbleSDK-2.7/arm-cs-tools/bin/../lib/gcc/arm-none-eabi/4.7.2/thumb2/crtbegin.o
 .init_array    0x0000000000000000        0x4 /Users/jameswang/pebble-dev/PebbleSDK-2.7/arm-cs-tools/bin/../lib/gcc/arm-none-eabi/4.7.2/thumb2/crtbegin.o
 .fini_array    0x0000000000000000        0x4 /Users/jameswang/pebble-dev/PebbleSDK-2.7/arm-cs-tools/bin/../lib/gcc/arm-none-eabi/4.7.2/thumb2/crtbegin.o
 .eh_frame      0x0000000000000000        0x0 /Users/jameswang/pebble-dev/PebbleSDK-2.7/arm-cs-tools/bin/../lib/gcc/arm-none-eabi/4.7.2/thumb2/crtbegin.o
 .jcr           0x0000000000000000        0x0 /Users/jameswang/pebble-dev/PebbleSDK-2.7/arm-cs-tools/bin/../lib/gcc/arm-none-eabi/4.7.2/thumb2/crtbegin.o
 .tm_clone_table
                0x0000000000000000        0x0 /Users/jameswang/pebble-dev/PebbleSDK-2.7/arm-cs-tools/bin/../lib/gcc/arm-none-eabi/4.7.2/thumb2/crtbegin.o
 .text          0x0000000000000000        0x0 src/main.c.12.o
 .bss           0x0000000000000000        0x0 src/main.c.12.o
 .text          0x0000000000000000        0x0 src/simply/simply.c.12.o
 .bss           0x0000000000000000        0x0 src/simply/simply.c.12.o
 .text          0x0000000000000000        0x0 src/simply/simply_accel.c.12.o
 .bss           0x0000000000000000        0x0 src/simply/simply_accel.c.12.o
 .text          0x0000000000000000        0x0 src/simply/simply_menu.c.12.o
 .bss           0x0000000000000000        0x0 src/simply/simply_menu.c.12.o
 .text          0x0000000000000000        0x0 src/simply/simply_msg.c.12.o
 .bss           0x0000000000000000        0x0 src/simply/simply_msg.c.12.o
 .text          0x0000000000000000        0x0 src/simply/simply_res.c.12.o
 .bss           0x0000000000000000        0x0 src/simply/simply_res.c.12.o
 .text.id_filter
                0x0000000000000000        0xa src/simply/simply_res.c.12.o
 .text.simply_res_remove_image
                0x0000000000000000       0x18 src/simply/simply_res.c.12.o
 .text          0x0000000000000000        0x0 src/simply/simply_splash.c.12.o
 .bss           0x0000000000000000        0x0 src/simply/simply_splash.c.12.o
 .text          0x0000000000000000        0x0 src/simply/simply_stage.c.12.o
 .bss           0x0000000000000000        0x0 src/simply/simply_stage.c.12.o
 .text.id_filter
                0x0000000000000000        0xa src/simply/simply_stage.c.12.o
 .text.animation_filter
                0x0000000000000000        0xa src/simply/simply_stage.c.12.o
 .text.animation_element_filter
                0x0000000000000000        0xa src/simply/simply_stage.c.12.o
 .text          0x0000000000000000        0x0 src/simply/simply_ui.c.12.o
 .bss           0x0000000000000000        0x0 src/simply/simply_ui.c.12.o
 .text          0x0000000000000000        0x0 src/simply/simply_window.c.12.o
 .bss           0x0000000000000000        0x0 src/simply/simply_window.c.12.o
 .text.simply_window_set_button
                0x0000000000000000       0x24 src/simply/simply_window.c.12.o
 .text          0x0000000000000000        0x0 src/simply/simply_window_stack.c.12.o
 .bss           0x0000000000000000        0x0 src/simply/simply_window_stack.c.12.o
 .text          0x0000000000000000        0x0 appinfo.auto.c.12.o
 .bss           0x0000000000000000        0x0 appinfo.auto.c.12.o
 .bss           0x0000000000000000        0x0 /Users/jameswang/pebble-dev/PebbleSDK-2.7/Pebble/lib/libpebble.a(tmpu_Elzfpebble.o)
 .text.accel_data_service_subscribe__deprecated
                0x0000000000000000        0xc /Users/jameswang/pebble-dev/PebbleSDK-2.7/Pebble/lib/libpebble.a(tmpu_Elzfpebble.o)
 .text.accel_service_set_samples_per_update
                0x0000000000000000        0xc /Users/jameswang/pebble-dev/PebbleSDK-2.7/Pebble/lib/libpebble.a(tmpu_Elzfpebble.o)
 .text.action_bar_layer_get_layer
                0x0000000000000000        0xc /Users/jameswang/pebble-dev/PebbleSDK-2.7/Pebble/lib/libpebble.a(tmpu_Elzfpebble.o)
[...]
Memory Configuration

Name             Origin             Length             Attributes
APP              0x0000000000000000 0x0000000000006000 xrw
*default*        0x0000000000000000 0xffffffffffffffff

Linker script and memory map

LOAD /Users/jameswang/pebble-dev/PebbleSDK-2.7/arm-cs-tools/bin/../lib/gcc/arm-none-eabi/4.7.2/thumb2/crti.o
LOAD /Users/jameswang/pebble-dev/PebbleSDK-2.7/arm-cs-tools/bin/../lib/gcc/arm-none-eabi/4.7.2/thumb2/crtbegin.o
LOAD src/main.c.12.o
LOAD src/simply/simply.c.12.o
LOAD src/simply/simply_accel.c.12.o
LOAD src/simply/simply_menu.c.12.o
LOAD src/simply/simply_msg.c.12.o
LOAD src/simply/simply_res.c.12.o
LOAD src/simply/simply_splash.c.12.o
LOAD src/simply/simply_stage.c.12.o
LOAD src/simply/simply_ui.c.12.o
LOAD src/simply/simply_window.c.12.o
LOAD src/simply/simply_window_stack.c.12.o
LOAD appinfo.auto.c.12.o
LOAD /Users/jameswang/pebble-dev/PebbleSDK-2.7/Pebble/lib/libpebble.a
START GROUP
LOAD /Users/jameswang/pebble-dev/PebbleSDK-2.7/arm-cs-tools/bin/../lib/gcc/arm-none-eabi/4.7.2/thumb2/libgcc.a
LOAD /Users/jameswang/pebble-dev/PebbleSDK-2.7/arm-cs-tools/bin/../lib/gcc/arm-none-eabi/4.7.2/../../../../arm-none-eabi/lib/thumb2/libc.a
END GROUP
LOAD /Users/jameswang/pebble-dev/PebbleSDK-2.7/arm-cs-tools/bin/../lib/gcc/arm-none-eabi/4.7.2/thumb2/crtend.o
LOAD /Users/jameswang/pebble-dev/PebbleSDK-2.7/arm-cs-tools/bin/../lib/gcc/arm-none-eabi/4.7.2/thumb2/crtn.o

.header         0x0000000000000000       0x82
 *(.pbl_header)
 .pbl_header    0x0000000000000000       0x82 appinfo.auto.c.12.o
                0x0000000000000000                __pbl_app_info

.text           0x0000000000000084     0x2c55
 *(.text)
 .text          0x0000000000000084       0x14 /Users/jameswang/pebble-dev/PebbleSDK-2.7/Pebble/lib/libpebble.a(tmpu_Elzfpebble.o)
 *(.text.*)
 .text.startup.main
                0x0000000000000098       0x16 src/main.c.12.o
                0x0000000000000098                main
 .text.simply_init
                0x00000000000000ae       0x56 src/simply/simply.c.12.o
                0x00000000000000ae                simply_init
 .text.simply_deinit
                0x0000000000000104       0x38 src/simply/simply.c.12.o
                0x0000000000000104                simply_deinit
 .text.handle_accel_tap
                0x000000000000013c       0x18 src/simply/simply_accel.c.12.o
 .text.handle_accel_data
                0x0000000000000154       0x1c src/simply/simply_accel.c.12.o
 .text.simply_accel_set_data_subscribe
                0x0000000000000170       0x2c src/simply/simply_accel.c.12.o
                0x0000000000000170                simply_accel_set_data_subscribe
 .text.simply_accel_peek
                0x000000000000019c        0xc src/simply/simply_accel.c.12.o
                0x000000000000019c                simply_accel_peek
 .text.simply_accel_create
                0x00000000000001a8       0x38 src/simply/simply_accel.c.12.o
                0x00000000000001a8                simply_accel_create
 .text.simply_accel_destroy
                0x00000000000001e0       0x20 src/simply/simply_accel.c.12.o
                0x00000000000001e0                simply_accel_destroy
 .text.list1_remove
                0x0000000000000200       0x32 src/simply/simply_menu.c.12.o
 .text.section_filter
                0x0000000000000232        0xc src/simply/simply_menu.c.12.o
 .text.item_filter
                0x000000000000023e       0x1a src/simply/simply_menu.c.12.o
 .text.menu_get_num_sections_callback
                0x0000000000000258        0x4 src/simply/simply_menu.c.12.o
 .text.destroy_section
                0x000000000000025c       0x30 src/simply/simply_menu.c.12.o
 .text.destroy_item
                0x000000000000028c       0x30 src/simply/simply_menu.c.12.o
 .text.window_unload
                0x00000000000002bc       0x1c src/simply/simply_menu.c.12.o
 .text.window_appear
                0x00000000000002d8       0x14 src/simply/simply_menu.c.12.o
 .text.single_click_handler
                0x00000000000002ec       0x1a src/simply/simply_menu.c.12.o
 .text.menu_select_long_click_callback
                0x0000000000000306        0xe src/simply/simply_menu.c.12.o
 .text.menu_select_click_callback
                0x0000000000000314        0xe src/simply/simply_menu.c.12.o
 .text.mark_dirty
                0x0000000000000322        0xa src/simply/simply_menu.c.12.o
 .text.window_load
                0x000000000000032c       0xec src/simply/simply_menu.c.12.o
 .text.list1_find_prev.constprop.2
                0x0000000000000418       0x1c src/simply/simply_menu.c.12.o
 .text.click_config_provider
                0x0000000000000434       0x24 src/simply/simply_menu.c.12.o
 .text.get_menu_section
                0x0000000000000458       0x10 src/simply/simply_menu.c.12.o
 .text.menu_get_num_rows_callback
                0x0000000000000468       0x12 src/simply/simply_menu.c.12.o
 *fill*         0x000000000000047a        0x2 
 .text.menu_get_header_height_callback
                0x000000000000047c       0x24 src/simply/simply_menu.c.12.o
 .text.add_section
                0x00000000000004a0       0x50 src/simply/simply_menu.c.12.o
 .text.request_menu_section.part.0
                0x00000000000004f0       0x2e src/simply/simply_menu.c.12.o
 *fill*         0x000000000000051e        0x2 
 .text.add_item
                0x0000000000000520       0x58 src/simply/simply_menu.c.12.o
 .text.menu_draw_row_callback
                0x0000000000000578       0xc4 src/simply/simply_menu.c.12.o
 .text.menu_draw_header_callback
                0x000000000000063c       0x52 src/simply/simply_menu.c.12.o
 .text.simply_menu_set_num_sections
                0x000000000000068e        0xc src/simply/simply_menu.c.12.o
                0x000000000000068e                simply_menu_set_num_sections
 *fill*         0x000000000000069a        0x2 
 .text.simply_menu_add_section
                0x000000000000069c       0x24 src/simply/simply_menu.c.12.o
                0x000000000000069c                simply_menu_add_section
 .text.simply_menu_add_item
                0x00000000000006c0       0x24 src/simply/simply_menu.c.12.o
                0x00000000000006c0                simply_menu_add_item
 .text.simply_menu_get_selection
                0x00000000000006e4       0x28 src/simply/simply_menu.c.12.o
                0x00000000000006e4                simply_menu_get_selection
 .text.simply_menu_set_selection
                0x000000000000070c        0xc src/simply/simply_menu.c.12.o
                0x000000000000070c                simply_menu_set_selection
 .text.simply_menu_clear_section_items
                0x0000000000000718       0x28 src/simply/simply_menu.c.12.o
                0x0000000000000718                simply_menu_clear_section_items
 .text.simply_menu_clear
                0x0000000000000740       0x28 src/simply/simply_menu.c.12.o
                0x0000000000000740                simply_menu_clear
 .text.window_disappear
                0x0000000000000768       0x1c src/simply/simply_menu.c.12.o
 .text.simply_menu_create
                0x0000000000000784       0x5c src/simply/simply_menu.c.12.o
                0x0000000000000784                simply_menu_create
 .text.simply_menu_destroy
                0x00000000000007e0       0x16 src/simply/simply_menu.c.12.o
                0x00000000000007e0                simply_menu_destroy
 .text.dropped_callback
                0x00000000000007f6        0x2 src/simply/simply_msg.c.12.o
 .text.sent_callback
                0x00000000000007f8        0x2 src/simply/simply_msg.c.12.o
 .text.malloc0  0x00000000000007fa       0x18 src/simply/simply_msg.c.12.o
 *fill*         0x0000000000000812        0x2 
 .text.add_packet
                0x0000000000000814       0x70 src/simply/simply_msg.c.12.o
 .text.send_menu_item
                0x0000000000000884       0x2c src/simply/simply_msg.c.12.o
 .text.send_msg
                0x00000000000008b0       0x30 src/simply/simply_msg.c.12.o
 .text.send_msg_retry
                0x00000000000008e0       0xd8 src/simply/simply_msg.c.12.o
 .text.get_top_simply_window
                0x00000000000009b8       0x20 src/simply/simply_msg.c.12.o
 .text.strdup2  0x00000000000009d8       0x28 src/simply/simply_msg.c.12.o
 .text.simply_msg_has_communicated
                0x0000000000000a00        0xc src/simply/simply_msg.c.12.o
                0x0000000000000a00                simply_msg_has_communicated
 .text.simply_msg_show_disconnected
                0x0000000000000a0c       0x58 src/simply/simply_msg.c.12.o
                0x0000000000000a0c                simply_msg_show_disconnected
 .text.failed_callback
                0x0000000000000a64       0x18 src/simply/simply_msg.c.12.o
 .text.simply_msg_create
                0x0000000000000a7c       0x60 src/simply/simply_msg.c.12.o
                0x0000000000000a7c                simply_msg_create
 .text.simply_msg_destroy
                0x0000000000000adc       0x1c src/simply/simply_msg.c.12.o
                0x0000000000000adc                simply_msg_destroy
 .text.simply_msg_single_click
                0x0000000000000af8       0x26 src/simply/simply_msg.c.12.o
                0x0000000000000af8                simply_msg_single_click
 .text.simply_msg_long_click
                0x0000000000000b1e       0x26 src/simply/simply_msg.c.12.o
                0x0000000000000b1e                simply_msg_long_click
 .text.send_window
                0x0000000000000b44       0x38 src/simply/simply_msg.c.12.o
                0x0000000000000b44                send_window
 .text.simply_msg_window_show
                0x0000000000000b7c        0x8 src/simply/simply_msg.c.12.o
                0x0000000000000b7c                simply_msg_window_show
 .text.simply_msg_window_hide
                0x0000000000000b84        0x8 src/simply/simply_msg.c.12.o
                0x0000000000000b84                simply_msg_window_hide
 .text.simply_msg_accel_tap
                0x0000000000000b8c       0x2a src/simply/simply_msg.c.12.o
                0x0000000000000b8c                simply_msg_accel_tap
 .text.simply_msg_accel_data
                0x0000000000000bb6       0x4a src/simply/simply_msg.c.12.o
                0x0000000000000bb6                simply_msg_accel_data
 .text.accel_peek_timer_callback
                0x0000000000000c00       0x38 src/simply/simply_msg.c.12.o
 .text.simply_msg_menu_get_section
                0x0000000000000c38        0xa src/simply/simply_msg.c.12.o
                0x0000000000000c38                simply_msg_menu_get_section
 .text.simply_msg_menu_get_item
                0x0000000000000c42       0x12 src/simply/simply_msg.c.12.o
                0x0000000000000c42                simply_msg_menu_get_item
 .text.simply_msg_menu_select_click
                0x0000000000000c54       0x12 src/simply/simply_msg.c.12.o
                0x0000000000000c54                simply_msg_menu_select_click
 .text.simply_msg_menu_select_long_click
                0x0000000000000c66       0x12 src/simply/simply_msg.c.12.o
                0x0000000000000c66                simply_msg_menu_select_long_click
 .text.simply_msg_send_menu_selection
                0x0000000000000c78       0x2c src/simply/simply_msg.c.12.o
                0x0000000000000c78                simply_msg_send_menu_selection
 .text.received_callback
                0x0000000000000ca4      0x454 src/simply/simply_msg.c.12.o
 .text.simply_msg_animate_element_done
                0x00000000000010f8       0x26 src/simply/simply_msg.c.12.o
                0x00000000000010f8                simply_msg_animate_element_done
 .text.list1_remove
                0x000000000000111e       0x32 src/simply/simply_res.c.12.o
 .text.destroy_image
                0x0000000000001150       0x18 src/simply/simply_res.c.12.o
 .text.window_stack_schedule_top_window_render
                0x0000000000001168       0x12 src/simply/simply_res.c.12.o
 .text.simply_res_add_bundled_image
                0x000000000000117a       0x6c src/simply/simply_res.c.12.o
                0x000000000000117a                simply_res_add_bundled_image
 .text.simply_res_add_image
                0x00000000000011e6       0x9a src/simply/simply_res.c.12.o
                0x00000000000011e6                simply_res_add_image
 .text.simply_res_auto_image
                0x0000000000001280       0x46 src/simply/simply_res.c.12.o
                0x0000000000001280                simply_res_auto_image
 .text.simply_res_add_custom_font
                0x00000000000012c6       0x3e src/simply/simply_res.c.12.o
                0x00000000000012c6                simply_res_add_custom_font
 .text.simply_res_auto_font
                0x0000000000001304       0x2a src/simply/simply_res.c.12.o
                0x0000000000001304                simply_res_auto_font
 .text.simply_res_clear
                0x000000000000132e       0x34 src/simply/simply_res.c.12.o
                0x000000000000132e                simply_res_clear
 .text.simply_res_create
                0x0000000000001362       0x2a src/simply/simply_res.c.12.o
                0x0000000000001362                simply_res_create
 .text.simply_res_destroy
                0x000000000000138c       0x12 src/simply/simply_res.c.12.o
                0x000000000000138c                simply_res_destroy
 .text.window_load
                0x000000000000139e       0x12 src/simply/simply_splash.c.12.o
 .text.layer_update_callback
                0x00000000000013b0       0x24 src/simply/simply_splash.c.12.o
                0x00000000000013b0                layer_update_callback
 .text.simply_splash_create
                0x00000000000013d4       0x7c src/simply/simply_splash.c.12.o
                0x00000000000013d4                simply_splash_create
 .text.simply_splash_destroy
                0x0000000000001450       0x20 src/simply/simply_splash.c.12.o
                0x0000000000001450                simply_splash_destroy
 .text.window_disappear
                0x0000000000001470       0x1a src/simply/simply_splash.c.12.o
 .text.list1_remove
                0x000000000000148a       0x32 src/simply/simply_stage.c.12.o
 .text.element_frame_getter
                0x00000000000014bc       0x10 src/simply/simply_stage.c.12.o
 .text.window_unload
                0x00000000000014cc       0x1e src/simply/simply_stage.c.12.o
 *fill*         0x00000000000014ea        0x2 
 .text.window_load
                0x00000000000014ec       0x60 src/simply/simply_stage.c.12.o
 .text.handle_tick
                0x000000000000154c       0x12 src/simply/simply_stage.c.12.o
                0x000000000000154c                handle_tick
 .text.malloc0  0x000000000000155e       0x18 src/simply/simply_stage.c.12.o
 .text.rect_element_draw_background.isra.0
                0x0000000000001576       0x28 src/simply/simply_stage.c.12.o
 .text.rect_element_draw_border.isra.1
                0x000000000000159e       0x2a src/simply/simply_stage.c.12.o
 .text.layer_update_callback
                0x00000000000015c8      0x1dc src/simply/simply_stage.c.12.o
 .text.animation_stopped
                0x00000000000017a4       0x36 src/simply/simply_stage.c.12.o
 *fill*         0x00000000000017da        0x2 
 .text.simply_stage_auto_element
                0x00000000000017dc       0x80 src/simply/simply_stage.c.12.o
                0x00000000000017dc                simply_stage_auto_element
 .text.simply_stage_remove_element
                0x000000000000185c       0x24 src/simply/simply_stage.c.12.o
                0x000000000000185c                simply_stage_remove_element
 .text.simply_stage_insert_element
                0x0000000000001880       0x44 src/simply/simply_stage.c.12.o
                0x0000000000001880                simply_stage_insert_element
 .text.simply_stage_set_element_frame
                0x00000000000018c4       0x2e src/simply/simply_stage.c.12.o
                0x00000000000018c4                simply_stage_set_element_frame
 *fill*         0x00000000000018f2        0x2 
 .text.simply_stage_animate_element
                0x00000000000018f4       0xbc src/simply/simply_stage.c.12.o
                0x00000000000018f4                simply_stage_animate_element
 .text.simply_stage_update
                0x00000000000019b0        0xa src/simply/simply_stage.c.12.o
                0x00000000000019b0                simply_stage_update
 .text.element_frame_setter
                0x00000000000019ba       0x20 src/simply/simply_stage.c.12.o
 *fill*         0x00000000000019da        0x2 
 .text.simply_stage_update_ticker
                0x00000000000019dc       0x2c src/simply/simply_stage.c.12.o
                0x00000000000019dc                simply_stage_update_ticker
 .text.window_appear
                0x0000000000001a08       0x1c src/simply/simply_stage.c.12.o
 .text.simply_stage_clear
                0x0000000000001a24       0x62 src/simply/simply_stage.c.12.o
                0x0000000000001a24                simply_stage_clear
 .text.window_disappear
                0x0000000000001a86       0x1c src/simply/simply_stage.c.12.o
 *fill*         0x0000000000001aa2        0x2 
 .text.simply_stage_create
                0x0000000000001aa4       0x58 src/simply/simply_stage.c.12.o
                0x0000000000001aa4                simply_stage_create
 .text.simply_stage_destroy
                0x0000000000001afc       0x16 src/simply/simply_stage.c.12.o
                0x0000000000001afc                simply_stage_destroy
 .text.window_unload
                0x0000000000001b12       0x1e src/simply/simply_ui.c.12.o
 .text.window_disappear
                0x0000000000001b30       0x14 src/simply/simply_ui.c.12.o
 .text.window_appear
                0x0000000000001b44       0x14 src/simply/simply_ui.c.12.o
 .text.graphics_draw_bitmap_centered
                0x0000000000001b58       0x4e src/simply/simply_ui.c.12.o
 .text.show_welcome_text
                0x0000000000001ba6       0x18 src/simply/simply_ui.c.12.o
 *fill*         0x0000000000001bbe        0x2 
 .text.layer_update_callback
                0x0000000000001bc0      0x474 src/simply/simply_ui.c.12.o
 .text.simply_ui_set_style
                0x0000000000002034       0x38 src/simply/simply_ui.c.12.o
                0x0000000000002034                simply_ui_set_style
 .text.window_load
                0x000000000000206c       0x68 src/simply/simply_ui.c.12.o
 .text.simply_ui_set_text
                0x00000000000020d4       0x6a src/simply/simply_ui.c.12.o
                0x00000000000020d4                simply_ui_set_text
 .text.simply_ui_clear
                0x000000000000213e       0x4a src/simply/simply_ui.c.12.o
                0x000000000000213e                simply_ui_clear
 .text.simply_ui_create
                0x0000000000002188       0x68 src/simply/simply_ui.c.12.o
                0x0000000000002188                simply_ui_create
 .text.simply_ui_destroy
                0x00000000000021f0       0x2a src/simply/simply_ui.c.12.o
                0x00000000000021f0                simply_ui_destroy
 *fill*         0x000000000000221a        0x2 
 .text.click_config_provider
                0x000000000000221c       0x54 src/simply/simply_window.c.12.o
 .text.long_click_handler
                0x0000000000002270       0x2a src/simply/simply_window.c.12.o
 .text.simply_window_single_click_handler
                0x000000000000229a       0x50 src/simply/simply_window.c.12.o
                0x000000000000229a                simply_window_single_click_handler
 .text.simply_window_set_scrollable
                0x00000000000022ea       0x6a src/simply/simply_window.c.12.o
                0x00000000000022ea                simply_window_set_scrollable
 .text.simply_window_set_fullscreen
                0x0000000000002354       0x68 src/simply/simply_window.c.12.o
                0x0000000000002354                simply_window_set_fullscreen
 .text.simply_window_set_background_color
                0x00000000000023bc        0xa src/simply/simply_window.c.12.o
                0x00000000000023bc                simply_window_set_background_color
 *fill*         0x00000000000023c6        0x2 
 .text.simply_window_set_action_bar
                0x00000000000023c8       0x44 src/simply/simply_window.c.12.o
                0x00000000000023c8                simply_window_set_action_bar
 .text.simply_window_set_action_bar_icon
                0x000000000000240c       0x3a src/simply/simply_window.c.12.o
                0x000000000000240c                simply_window_set_action_bar_icon
 .text.simply_window_set_action_bar_background_color
                0x0000000000002446       0x1a src/simply/simply_window.c.12.o
                0x0000000000002446                simply_window_set_action_bar_background_color
 .text.simply_window_action_bar_clear
                0x0000000000002460       0x26 src/simply/simply_window.c.12.o
                0x0000000000002460                simply_window_action_bar_clear
 *fill*         0x0000000000002486        0x2 
 .text.simply_window_load
                0x0000000000002488       0x74 src/simply/simply_window.c.12.o
                0x0000000000002488                simply_window_load
 .text.simply_window_unload
                0x00000000000024fc       0x10 src/simply/simply_window.c.12.o
                0x00000000000024fc                simply_window_unload
 .text.simply_window_init
                0x000000000000250c       0x3c src/simply/simply_window.c.12.o
                0x000000000000250c                simply_window_init
 .text.simply_window_deinit
                0x0000000000002548       0x1a src/simply/simply_window.c.12.o
                0x0000000000002548                simply_window_deinit
 .text.simply_window_stack_show
                0x0000000000002562       0x4e src/simply/simply_window_stack.c.12.o
                0x0000000000002562                simply_window_stack_show
 .text.simply_window_stack_pop
                0x00000000000025b0       0x26 src/simply/simply_window_stack.c.12.o
                0x00000000000025b0                simply_window_stack_pop
 .text.simply_window_stack_send_show
                0x00000000000025d6       0x12 src/simply/simply_window_stack.c.12.o
                0x00000000000025d6                simply_window_stack_send_show
 .text.simply_window_stack_send_hide
                0x00000000000025e8       0x2a src/simply/simply_window_stack.c.12.o
                0x00000000000025e8                simply_window_stack_send_hide
 .text.simply_window_stack_back
                0x0000000000002612       0x1a src/simply/simply_window_stack.c.12.o
                0x0000000000002612                simply_window_stack_back
 .text.simply_window_stack_create
                0x000000000000262c       0x20 src/simply/simply_window_stack.c.12.o
                0x000000000000262c                simply_window_stack_create
 .text.simply_window_stack_destroy
                0x000000000000264c       0x1c src/simply/simply_window_stack.c.12.o
                0x000000000000264c                simply_window_stack_destroy
 .text.accel_data_service_unsubscribe
                0x0000000000002668        0xc /Users/jameswang/pebble-dev/PebbleSDK-2.7/Pebble/lib/libpebble.a(tmpu_Elzfpebble.o)
                0x0000000000002668                accel_data_service_unsubscribe
 .text.accel_service_peek
                0x0000000000002674        0xc /Users/jameswang/pebble-dev/PebbleSDK-2.7/Pebble/lib/libpebble.a(tmpu_Elzfpebble.o)
                0x0000000000002674                accel_service_peek
 .text.accel_service_set_sampling_rate
                0x0000000000002680        0xc /Users/jameswang/pebble-dev/PebbleSDK-2.7/Pebble/lib/libpebble.a(tmpu_Elzfpebble.o)
                0x0000000000002680                accel_service_set_sampling_rate
 .text.accel_tap_service_subscribe
                0x000000000000268c        0xc /Users/jameswang/pebble-dev/PebbleSDK-2.7/Pebble/lib/libpebble.a(tmpu_Elzfpebble.o)
                0x000000000000268c                accel_tap_service_subscribe
 .text.accel_tap_service_unsubscribe
                0x0000000000002698        0xc /Users/jameswang/pebble-dev/PebbleSDK-2.7/Pebble/lib/libpebble.a(tmpu_Elzfpebble.o)
                0x0000000000002698                accel_tap_service_unsubscribe
 .text.action_bar_layer_add_to_window
                0x00000000000026a4        0xc /Users/jameswang/pebble-dev/PebbleSDK-2.7/Pebble/lib/libpebble.a(tmpu_Elzfpebble.o)
                0x00000000000026a4                action_bar_layer_add_to_window
 .text.action_bar_layer_clear_icon
                0x00000000000026b0        0xc /Users/jameswang/pebble-dev/PebbleSDK-2.7/Pebble/lib/libpebble.a(tmpu_Elzfpebble.o)
                0x00000000000026b0                action_bar_layer_clear_icon
 .text.action_bar_layer_create
                0x00000000000026bc        0xc /Users/jameswang/pebble-dev/PebbleSDK-2.7/Pebble/lib/libpebble.a(tmpu_Elzfpebble.o)
                0x00000000000026bc                action_bar_layer_create
 .text.action_bar_layer_destroy
                0x00000000000026c8        0xc /Users/jameswang/pebble-dev/PebbleSDK-2.7/Pebble/lib/libpebble.a(tmpu_Elzfpebble.o)
                0x00000000000026c8                action_bar_layer_destroy
 .text.action_bar_layer_remove_from_window
                0x00000000000026d4        0xc /Users/jameswang/pebble-dev/PebbleSDK-2.7/Pebble/lib/libpebble.a(tmpu_Elzfpebble.o)
                0x00000000000026d4                action_bar_layer_remove_from_window
 .text.action_bar_layer_set_background_color
                0x00000000000026e0        0xc /Users/jameswang/pebble-dev/PebbleSDK-2.7/Pebble/lib/libpebble.a(tmpu_Elzfpebble.o)
                0x00000000000026e0                action_bar_layer_set_background_color
 .text.action_bar_layer_set_click_config_provider
                0x00000000000026ec        0xc /Users/jameswang/pebble-dev/PebbleSDK-2.7/Pebble/lib/libpebble.a(tmpu_Elzfpebble.o)
                0x00000000000026ec                action_bar_layer_set_click_config_provider
 .text.action_bar_layer_set_context
                0x00000000000026f8        0xc /Users/jameswang/pebble-dev/PebbleSDK-2.7/Pebble/lib/libpebble.a(tmpu_Elzfpebble.o)
                0x00000000000026f8                action_bar_layer_set_context
 .text.action_bar_layer_set_icon
                0x0000000000002704        0xc /Users/jameswang/pebble-dev/PebbleSDK-2.7/Pebble/lib/libpebble.a(tmpu_Elzfpebble.o)
                0x0000000000002704                action_bar_layer_set_icon
 .text.animation_schedule
                0x0000000000002710        0xc /Users/jameswang/pebble-dev/PebbleSDK-2.7/Pebble/lib/libpebble.a(tmpu_Elzfpebble.o)
                0x0000000000002710                animation_schedule
 .text.animation_set_curve
                0x000000000000271c        0xc /Users/jameswang/pebble-dev/PebbleSDK-2.7/Pebble/lib/libpebble.a(tmpu_Elzfpebble.o)
                0x000000000000271c                animation_set_curve
 .text.animation_set_duration
                0x0000000000002728        0xc /Users/jameswang/pebble-dev/PebbleSDK-2.7/Pebble/lib/libpebble.a(tmpu_Elzfpebble.o)
                0x0000000000002728                animation_set_duration
 .text.animation_set_handlers
                0x0000000000002734        0xc /Users/jameswang/pebble-dev/PebbleSDK-2.7/Pebble/lib/libpebble.a(tmpu_Elzfpebble.o)
                0x0000000000002734                animation_set_handlers
 .text.animation_unschedule
                0x0000000000002740        0xc /Users/jameswang/pebble-dev/PebbleSDK-2.7/Pebble/lib/libpebble.a(tmpu_Elzfpebble.o)
                0x0000000000002740                animation_unschedule
 .text.app_event_loop
                0x000000000000274c        0xc /Users/jameswang/pebble-dev/PebbleSDK-2.7/Pebble/lib/libpebble.a(tmpu_Elzfpebble.o)
                0x000000000000274c                app_event_loop
 .text.app_message_deregister_callbacks
                0x0000000000002758        0xc /Users/jameswang/pebble-dev/PebbleSDK-2.7/Pebble/lib/libpebble.a(tmpu_Elzfpebble.o)
                0x0000000000002758                app_message_deregister_callbacks
 .text.app_message_open
                0x0000000000002764        0xc /Users/jameswang/pebble-dev/PebbleSDK-2.7/Pebble/lib/libpebble.a(tmpu_Elzfpebble.o)
                0x0000000000002764                app_message_open
 .text.app_timer_cancel
                0x0000000000002770        0xc /Users/jameswang/pebble-dev/PebbleSDK-2.7/Pebble/lib/libpebble.a(tmpu_Elzfpebble.o)
                0x0000000000002770                app_timer_cancel
 .text.app_timer_register
                0x000000000000277c        0xc /Users/jameswang/pebble-dev/PebbleSDK-2.7/Pebble/lib/libpebble.a(tmpu_Elzfpebble.o)
                0x000000000000277c                app_timer_register
 .text.click_recognizer_get_button_id
                0x0000000000002788        0xc /Users/jameswang/pebble-dev/PebbleSDK-2.7/Pebble/lib/libpebble.a(tmpu_Elzfpebble.o)
                0x0000000000002788                click_recognizer_get_button_id
 .text.dict_find
                0x0000000000002794        0xc /Users/jameswang/pebble-dev/PebbleSDK-2.7/Pebble/lib/libpebble.a(tmpu_Elzfpebble.o)
                0x0000000000002794                dict_find
 .text.dict_write_data
                0x00000000000027a0        0xc /Users/jameswang/pebble-dev/PebbleSDK-2.7/Pebble/lib/libpebble.a(tmpu_Elzfpebble.o)
                0x00000000000027a0                dict_write_data
 .text.fonts_get_system_font
                0x00000000000027ac        0xc /Users/jameswang/pebble-dev/PebbleSDK-2.7/Pebble/lib/libpebble.a(tmpu_Elzfpebble.o)
                0x00000000000027ac                fonts_get_system_font
 .text.fonts_load_custom_font
                0x00000000000027b8        0xc /Users/jameswang/pebble-dev/PebbleSDK-2.7/Pebble/lib/libpebble.a(tmpu_Elzfpebble.o)
                0x00000000000027b8                fonts_load_custom_font
 .text.fonts_unload_custom_font
                0x00000000000027c4        0xc /Users/jameswang/pebble-dev/PebbleSDK-2.7/Pebble/lib/libpebble.a(tmpu_Elzfpebble.o)
                0x00000000000027c4                fonts_unload_custom_font
 .text.free     0x00000000000027d0        0xc /Users/jameswang/pebble-dev/PebbleSDK-2.7/Pebble/lib/libpebble.a(tmpu_Elzfpebble.o)
                0x00000000000027d0                free
 .text.gbitmap_create_with_resource
                0x00000000000027dc        0xc /Users/jameswang/pebble-dev/PebbleSDK-2.7/Pebble/lib/libpebble.a(tmpu_Elzfpebble.o)
                0x00000000000027dc                gbitmap_create_with_resource
 .text.gbitmap_destroy
                0x00000000000027e8        0xc /Users/jameswang/pebble-dev/PebbleSDK-2.7/Pebble/lib/libpebble.a(tmpu_Elzfpebble.o)
                0x00000000000027e8                gbitmap_destroy
 .text.graphics_context_set_compositing_mode
                0x00000000000027f4        0xc /Users/jameswang/pebble-dev/PebbleSDK-2.7/Pebble/lib/libpebble.a(tmpu_Elzfpebble.o)
                0x00000000000027f4                graphics_context_set_compositing_mode
 .text.graphics_context_set_fill_color
                0x0000000000002800        0xc /Users/jameswang/pebble-dev/PebbleSDK-2.7/Pebble/lib/libpebble.a(tmpu_Elzfpebble.o)
                0x0000000000002800                graphics_context_set_fill_color
 .text.graphics_context_set_stroke_color
                0x000000000000280c        0xc /Users/jameswang/pebble-dev/PebbleSDK-2.7/Pebble/lib/libpebble.a(tmpu_Elzfpebble.o)
                0x000000000000280c                graphics_context_set_stroke_color
 .text.graphics_context_set_text_color
                0x0000000000002818        0xc /Users/jameswang/pebble-dev/PebbleSDK-2.7/Pebble/lib/libpebble.a(tmpu_Elzfpebble.o)
                0x0000000000002818                graphics_context_set_text_color
 .text.graphics_draw_bitmap_in_rect
                0x0000000000002824        0xc /Users/jameswang/pebble-dev/PebbleSDK-2.7/Pebble/lib/libpebble.a(tmpu_Elzfpebble.o)
                0x0000000000002824                graphics_draw_bitmap_in_rect
 .text.graphics_draw_circle
                0x0000000000002830        0xc /Users/jameswang/pebble-dev/PebbleSDK-2.7/Pebble/lib/libpebble.a(tmpu_Elzfpebble.o)
                0x0000000000002830                graphics_draw_circle
 .text.graphics_draw_round_rect
                0x000000000000283c        0xc /Users/jameswang/pebble-dev/PebbleSDK-2.7/Pebble/lib/libpebble.a(tmpu_Elzfpebble.o)
                0x000000000000283c                graphics_draw_round_rect
 .text.graphics_fill_circle
                0x0000000000002848        0xc /Users/jameswang/pebble-dev/PebbleSDK-2.7/Pebble/lib/libpebble.a(tmpu_Elzfpebble.o)
                0x0000000000002848                graphics_fill_circle
 .text.graphics_fill_rect
                0x0000000000002854        0xc /Users/jameswang/pebble-dev/PebbleSDK-2.7/Pebble/lib/libpebble.a(tmpu_Elzfpebble.o)
                0x0000000000002854                graphics_fill_rect
 .text.inverter_layer_create
                0x0000000000002860        0xc /Users/jameswang/pebble-dev/PebbleSDK-2.7/Pebble/lib/libpebble.a(tmpu_Elzfpebble.o)
                0x0000000000002860                inverter_layer_create
 .text.inverter_layer_destroy
                0x000000000000286c        0xc /Users/jameswang/pebble-dev/PebbleSDK-2.7/Pebble/lib/libpebble.a(tmpu_Elzfpebble.o)
                0x000000000000286c                inverter_layer_destroy
 .text.inverter_layer_get_layer
                0x0000000000002878        0xc /Users/jameswang/pebble-dev/PebbleSDK-2.7/Pebble/lib/libpebble.a(tmpu_Elzfpebble.o)
                0x0000000000002878                inverter_layer_get_layer
 .text.layer_add_child
                0x0000000000002884        0xc /Users/jameswang/pebble-dev/PebbleSDK-2.7/Pebble/lib/libpebble.a(tmpu_Elzfpebble.o)
                0x0000000000002884                layer_add_child
 .text.layer_create_with_data
                0x0000000000002890        0xc /Users/jameswang/pebble-dev/PebbleSDK-2.7/Pebble/lib/libpebble.a(tmpu_Elzfpebble.o)
                0x0000000000002890                layer_create_with_data
 .text.layer_destroy
                0x000000000000289c        0xc /Users/jameswang/pebble-dev/PebbleSDK-2.7/Pebble/lib/libpebble.a(tmpu_Elzfpebble.o)
                0x000000000000289c                layer_destroy
 .text.layer_get_bounds
                0x00000000000028a8        0xc /Users/jameswang/pebble-dev/PebbleSDK-2.7/Pebble/lib/libpebble.a(tmpu_Elzfpebble.o)
                0x00000000000028a8                layer_get_bounds
 .text.layer_get_data
                0x00000000000028b4        0xc /Users/jameswang/pebble-dev/PebbleSDK-2.7/Pebble/lib/libpebble.a(tmpu_Elzfpebble.o)
                0x00000000000028b4                layer_get_data
 .text.layer_get_frame
                0x00000000000028c0        0xc /Users/jameswang/pebble-dev/PebbleSDK-2.7/Pebble/lib/libpebble.a(tmpu_Elzfpebble.o)
                0x00000000000028c0                layer_get_frame
 .text.layer_get_window
                0x00000000000028cc        0xc /Users/jameswang/pebble-dev/PebbleSDK-2.7/Pebble/lib/libpebble.a(tmpu_Elzfpebble.o)
                0x00000000000028cc                layer_get_window
 .text.layer_mark_dirty
                0x00000000000028d8        0xc /Users/jameswang/pebble-dev/PebbleSDK-2.7/Pebble/lib/libpebble.a(tmpu_Elzfpebble.o)
                0x00000000000028d8                layer_mark_dirty
 .text.layer_remove_from_parent
                0x00000000000028e4        0xc /Users/jameswang/pebble-dev/PebbleSDK-2.7/Pebble/lib/libpebble.a(tmpu_Elzfpebble.o)
                0x00000000000028e4                layer_remove_from_parent
 .text.layer_set_bounds
                0x00000000000028f0        0xc /Users/jameswang/pebble-dev/PebbleSDK-2.7/Pebble/lib/libpebble.a(tmpu_Elzfpebble.o)
                0x00000000000028f0                layer_set_bounds
 .text.layer_set_frame
                0x00000000000028fc        0xc /Users/jameswang/pebble-dev/PebbleSDK-2.7/Pebble/lib/libpebble.a(tmpu_Elzfpebble.o)
                0x00000000000028fc                layer_set_frame
 .text.layer_set_update_proc
                0x0000000000002908        0xc /Users/jameswang/pebble-dev/PebbleSDK-2.7/Pebble/lib/libpebble.a(tmpu_Elzfpebble.o)
                0x0000000000002908                layer_set_update_proc
 .text.localtime
                0x0000000000002914        0xc /Users/jameswang/pebble-dev/PebbleSDK-2.7/Pebble/lib/libpebble.a(tmpu_Elzfpebble.o)
                0x0000000000002914                localtime
 .text.malloc   0x0000000000002920        0xc /Users/jameswang/pebble-dev/PebbleSDK-2.7/Pebble/lib/libpebble.a(tmpu_Elzfpebble.o)
                0x0000000000002920                malloc
 .text.memcpy   0x000000000000292c        0xc /Users/jameswang/pebble-dev/PebbleSDK-2.7/Pebble/lib/libpebble.a(tmpu_Elzfpebble.o)
                0x000000000000292c                memcpy
 .text.memset   0x0000000000002938        0xc /Users/jameswang/pebble-dev/PebbleSDK-2.7/Pebble/lib/libpebble.a(tmpu_Elzfpebble.o)
                0x0000000000002938                memset
 .text.menu_cell_basic_draw
                0x0000000000002944        0xc /Users/jameswang/pebble-dev/PebbleSDK-2.7/Pebble/lib/libpebble.a(tmpu_Elzfpebble.o)
                0x0000000000002944                menu_cell_basic_draw
 .text.menu_cell_basic_header_draw
                0x0000000000002950        0xc /Users/jameswang/pebble-dev/PebbleSDK-2.7/Pebble/lib/libpebble.a(tmpu_Elzfpebble.o)
                0x0000000000002950                menu_cell_basic_header_draw
 .text.menu_layer_create
                0x000000000000295c        0xc /Users/jameswang/pebble-dev/PebbleSDK-2.7/Pebble/lib/libpebble.a(tmpu_Elzfpebble.o)
                0x000000000000295c                menu_layer_create
 .text.menu_layer_destroy
                0x0000000000002968        0xc /Users/jameswang/pebble-dev/PebbleSDK-2.7/Pebble/lib/libpebble.a(tmpu_Elzfpebble.o)
                0x0000000000002968                menu_layer_destroy
 .text.menu_layer_get_layer
                0x0000000000002974        0xc /Users/jameswang/pebble-dev/PebbleSDK-2.7/Pebble/lib/libpebble.a(tmpu_Elzfpebble.o)
                0x0000000000002974                menu_layer_get_layer
 .text.menu_layer_get_selected_index
                0x0000000000002980        0xc /Users/jameswang/pebble-dev/PebbleSDK-2.7/Pebble/lib/libpebble.a(tmpu_Elzfpebble.o)
                0x0000000000002980                menu_layer_get_selected_index
 .text.menu_layer_reload_data
                0x000000000000298c        0xc /Users/jameswang/pebble-dev/PebbleSDK-2.7/Pebble/lib/libpebble.a(tmpu_Elzfpebble.o)
                0x000000000000298c                menu_layer_reload_data
 .text.menu_layer_set_click_config_onto_window
                0x0000000000002998        0xc /Users/jameswang/pebble-dev/PebbleSDK-2.7/Pebble/lib/libpebble.a(tmpu_Elzfpebble.o)
                0x0000000000002998                menu_layer_set_click_config_onto_window
 .text.menu_layer_set_selected_index
                0x00000000000029a4        0xc /Users/jameswang/pebble-dev/PebbleSDK-2.7/Pebble/lib/libpebble.a(tmpu_Elzfpebble.o)
                0x00000000000029a4                menu_layer_set_selected_index
 .text.property_animation_create
                0x00000000000029b0        0xc /Users/jameswang/pebble-dev/PebbleSDK-2.7/Pebble/lib/libpebble.a(tmpu_Elzfpebble.o)
                0x00000000000029b0                property_animation_create
 .text.property_animation_update_grect
                0x00000000000029bc        0xc /Users/jameswang/pebble-dev/PebbleSDK-2.7/Pebble/lib/libpebble.a(tmpu_Elzfpebble.o)
                0x00000000000029bc                property_animation_update_grect
 .text.resource_get_handle
                0x00000000000029c8        0xc /Users/jameswang/pebble-dev/PebbleSDK-2.7/Pebble/lib/libpebble.a(tmpu_Elzfpebble.o)
                0x00000000000029c8                resource_get_handle
 .text.scroll_layer_add_child
                0x00000000000029d4        0xc /Users/jameswang/pebble-dev/PebbleSDK-2.7/Pebble/lib/libpebble.a(tmpu_Elzfpebble.o)
                0x00000000000029d4                scroll_layer_add_child
 .text.scroll_layer_create
                0x00000000000029e0        0xc /Users/jameswang/pebble-dev/PebbleSDK-2.7/Pebble/lib/libpebble.a(tmpu_Elzfpebble.o)
                0x00000000000029e0                scroll_layer_create
 .text.scroll_layer_destroy
                0x00000000000029ec        0xc /Users/jameswang/pebble-dev/PebbleSDK-2.7/Pebble/lib/libpebble.a(tmpu_Elzfpebble.o)
                0x00000000000029ec                scroll_layer_destroy
 .text.scroll_layer_get_layer
                0x00000000000029f8        0xc /Users/jameswang/pebble-dev/PebbleSDK-2.7/Pebble/lib/libpebble.a(tmpu_Elzfpebble.o)
                0x00000000000029f8                scroll_layer_get_layer
 .text.scroll_layer_set_callbacks
                0x0000000000002a04        0xc /Users/jameswang/pebble-dev/PebbleSDK-2.7/Pebble/lib/libpebble.a(tmpu_Elzfpebble.o)
                0x0000000000002a04                scroll_layer_set_callbacks
 .text.scroll_layer_set_click_config_onto_window
                0x0000000000002a10        0xc /Users/jameswang/pebble-dev/PebbleSDK-2.7/Pebble/lib/libpebble.a(tmpu_Elzfpebble.o)
                0x0000000000002a10                scroll_layer_set_click_config_onto_window
 .text.scroll_layer_set_content_offset
                0x0000000000002a1c        0xc /Users/jameswang/pebble-dev/PebbleSDK-2.7/Pebble/lib/libpebble.a(tmpu_Elzfpebble.o)
                0x0000000000002a1c                scroll_layer_set_content_offset
 .text.scroll_layer_set_content_size
                0x0000000000002a28        0xc /Users/jameswang/pebble-dev/PebbleSDK-2.7/Pebble/lib/libpebble.a(tmpu_Elzfpebble.o)
                0x0000000000002a28                scroll_layer_set_content_size
 .text.scroll_layer_set_context
                0x0000000000002a34        0xc /Users/jameswang/pebble-dev/PebbleSDK-2.7/Pebble/lib/libpebble.a(tmpu_Elzfpebble.o)
                0x0000000000002a34                scroll_layer_set_context
 .text.scroll_layer_set_frame
                0x0000000000002a40        0xc /Users/jameswang/pebble-dev/PebbleSDK-2.7/Pebble/lib/libpebble.a(tmpu_Elzfpebble.o)
                0x0000000000002a40                scroll_layer_set_frame
 .text.strftime
                0x0000000000002a4c        0xc /Users/jameswang/pebble-dev/PebbleSDK-2.7/Pebble/lib/libpebble.a(tmpu_Elzfpebble.o)
                0x0000000000002a4c                strftime
 .text.strlen   0x0000000000002a58        0xc /Users/jameswang/pebble-dev/PebbleSDK-2.7/Pebble/lib/libpebble.a(tmpu_Elzfpebble.o)
                0x0000000000002a58                strlen
 .text.strncpy  0x0000000000002a64        0xc /Users/jameswang/pebble-dev/PebbleSDK-2.7/Pebble/lib/libpebble.a(tmpu_Elzfpebble.o)
                0x0000000000002a64                strncpy
 .text.tick_timer_service_subscribe
                0x0000000000002a70        0xc /Users/jameswang/pebble-dev/PebbleSDK-2.7/Pebble/lib/libpebble.a(tmpu_Elzfpebble.o)
                0x0000000000002a70                tick_timer_service_subscribe
 .text.tick_timer_service_unsubscribe
                0x0000000000002a7c        0xc /Users/jameswang/pebble-dev/PebbleSDK-2.7/Pebble/lib/libpebble.a(tmpu_Elzfpebble.o)
                0x0000000000002a7c                tick_timer_service_unsubscribe
 .text.time     0x0000000000002a88        0xc /Users/jameswang/pebble-dev/PebbleSDK-2.7/Pebble/lib/libpebble.a(tmpu_Elzfpebble.o)
                0x0000000000002a88                time
 .text.vibes_double_pulse
                0x0000000000002a94        0xc /Users/jameswang/pebble-dev/PebbleSDK-2.7/Pebble/lib/libpebble.a(tmpu_Elzfpebble.o)
                0x0000000000002a94                vibes_double_pulse
 .text.vibes_short_pulse
                0x0000000000002aa0        0xc /Users/jameswang/pebble-dev/PebbleSDK-2.7/Pebble/lib/libpebble.a(tmpu_Elzfpebble.o)
                0x0000000000002aa0                vibes_short_pulse
 .text.window_create
                0x0000000000002aac        0xc /Users/jameswang/pebble-dev/PebbleSDK-2.7/Pebble/lib/libpebble.a(tmpu_Elzfpebble.o)
                0x0000000000002aac                window_create
 .text.window_destroy
                0x0000000000002ab8        0xc /Users/jameswang/pebble-dev/PebbleSDK-2.7/Pebble/lib/libpebble.a(tmpu_Elzfpebble.o)
                0x0000000000002ab8                window_destroy
 .text.window_get_click_config_provider
                0x0000000000002ac4        0xc /Users/jameswang/pebble-dev/PebbleSDK-2.7/Pebble/lib/libpebble.a(tmpu_Elzfpebble.o)
                0x0000000000002ac4                window_get_click_config_provider
 .text.window_get_root_layer
                0x0000000000002ad0        0xc /Users/jameswang/pebble-dev/PebbleSDK-2.7/Pebble/lib/libpebble.a(tmpu_Elzfpebble.o)
                0x0000000000002ad0                window_get_root_layer
 .text.window_set_background_color
                0x0000000000002adc        0xc /Users/jameswang/pebble-dev/PebbleSDK-2.7/Pebble/lib/libpebble.a(tmpu_Elzfpebble.o)
                0x0000000000002adc                window_set_background_color
 .text.window_set_click_config_provider
                0x0000000000002ae8        0xc /Users/jameswang/pebble-dev/PebbleSDK-2.7/Pebble/lib/libpebble.a(tmpu_Elzfpebble.o)
                0x0000000000002ae8                window_set_click_config_provider
 .text.window_set_click_config_provider_with_context
                0x0000000000002af4        0xc /Users/jameswang/pebble-dev/PebbleSDK-2.7/Pebble/lib/libpebble.a(tmpu_Elzfpebble.o)
                0x0000000000002af4                window_set_click_config_provider_with_context
 .text.window_set_fullscreen
                0x0000000000002b00        0xc /Users/jameswang/pebble-dev/PebbleSDK-2.7/Pebble/lib/libpebble.a(tmpu_Elzfpebble.o)
                0x0000000000002b00                window_set_fullscreen
 .text.window_set_window_handlers
                0x0000000000002b0c        0xc /Users/jameswang/pebble-dev/PebbleSDK-2.7/Pebble/lib/libpebble.a(tmpu_Elzfpebble.o)
                0x0000000000002b0c                window_set_window_handlers
 .text.window_stack_contains_window
                0x0000000000002b18        0xc /Users/jameswang/pebble-dev/PebbleSDK-2.7/Pebble/lib/libpebble.a(tmpu_Elzfpebble.o)
                0x0000000000002b18                window_stack_contains_window
 .text.window_stack_get_top_window
                0x0000000000002b24        0xc /Users/jameswang/pebble-dev/PebbleSDK-2.7/Pebble/lib/libpebble.a(tmpu_Elzfpebble.o)
                0x0000000000002b24                window_stack_get_top_window
 .text.window_stack_pop
                0x0000000000002b30        0xc /Users/jameswang/pebble-dev/PebbleSDK-2.7/Pebble/lib/libpebble.a(tmpu_Elzfpebble.o)
                0x0000000000002b30                window_stack_pop
 .text.window_stack_pop_all
                0x0000000000002b3c        0xc /Users/jameswang/pebble-dev/PebbleSDK-2.7/Pebble/lib/libpebble.a(tmpu_Elzfpebble.o)
                0x0000000000002b3c                window_stack_pop_all
 .text.window_stack_push
                0x0000000000002b48        0xc /Users/jameswang/pebble-dev/PebbleSDK-2.7/Pebble/lib/libpebble.a(tmpu_Elzfpebble.o)
                0x0000000000002b48                window_stack_push
 .text.window_stack_remove
                0x0000000000002b54        0xc /Users/jameswang/pebble-dev/PebbleSDK-2.7/Pebble/lib/libpebble.a(tmpu_Elzfpebble.o)
                0x0000000000002b54                window_stack_remove
 .text.window_get_user_data
                0x0000000000002b60        0xc /Users/jameswang/pebble-dev/PebbleSDK-2.7/Pebble/lib/libpebble.a(tmpu_Elzfpebble.o)
                0x0000000000002b60                window_get_user_data
 .text.window_set_user_data
                0x0000000000002b6c        0xc /Users/jameswang/pebble-dev/PebbleSDK-2.7/Pebble/lib/libpebble.a(tmpu_Elzfpebble.o)
                0x0000000000002b6c                window_set_user_data
 .text.app_message_outbox_begin
                0x0000000000002b78        0xc /Users/jameswang/pebble-dev/PebbleSDK-2.7/Pebble/lib/libpebble.a(tmpu_Elzfpebble.o)
                0x0000000000002b78                app_message_outbox_begin
 .text.app_message_outbox_send
                0x0000000000002b84        0xc /Users/jameswang/pebble-dev/PebbleSDK-2.7/Pebble/lib/libpebble.a(tmpu_Elzfpebble.o)
                0x0000000000002b84                app_message_outbox_send
 .text.app_message_register_inbox_dropped
                0x0000000000002b90        0xc /Users/jameswang/pebble-dev/PebbleSDK-2.7/Pebble/lib/libpebble.a(tmpu_Elzfpebble.o)
                0x0000000000002b90                app_message_register_inbox_dropped
 .text.app_message_register_inbox_received
                0x0000000000002b9c        0xc /Users/jameswang/pebble-dev/PebbleSDK-2.7/Pebble/lib/libpebble.a(tmpu_Elzfpebble.o)
                0x0000000000002b9c                app_message_register_inbox_received
 .text.app_message_register_outbox_failed
                0x0000000000002ba8        0xc /Users/jameswang/pebble-dev/PebbleSDK-2.7/Pebble/lib/libpebble.a(tmpu_Elzfpebble.o)
                0x0000000000002ba8                app_message_register_outbox_failed
 .text.app_message_register_outbox_sent
                0x0000000000002bb4        0xc /Users/jameswang/pebble-dev/PebbleSDK-2.7/Pebble/lib/libpebble.a(tmpu_Elzfpebble.o)
                0x0000000000002bb4                app_message_register_outbox_sent
 .text.app_message_set_context
                0x0000000000002bc0        0xc /Users/jameswang/pebble-dev/PebbleSDK-2.7/Pebble/lib/libpebble.a(tmpu_Elzfpebble.o)
                0x0000000000002bc0                app_message_set_context
 .text.window_long_click_subscribe
                0x0000000000002bcc        0xc /Users/jameswang/pebble-dev/PebbleSDK-2.7/Pebble/lib/libpebble.a(tmpu_Elzfpebble.o)
                0x0000000000002bcc                window_long_click_subscribe
 .text.window_set_click_context
                0x0000000000002bd8        0xc /Users/jameswang/pebble-dev/PebbleSDK-2.7/Pebble/lib/libpebble.a(tmpu_Elzfpebble.o)
                0x0000000000002bd8                window_set_click_context
 .text.window_single_click_subscribe
                0x0000000000002be4        0xc /Users/jameswang/pebble-dev/PebbleSDK-2.7/Pebble/lib/libpebble.a(tmpu_Elzfpebble.o)
                0x0000000000002be4                window_single_click_subscribe
 .text.graphics_draw_text
                0x0000000000002bf0        0xc /Users/jameswang/pebble-dev/PebbleSDK-2.7/Pebble/lib/libpebble.a(tmpu_Elzfpebble.o)
                0x0000000000002bf0                graphics_draw_text
 .text.graphics_text_layout_get_content_size
                0x0000000000002bfc        0xc /Users/jameswang/pebble-dev/PebbleSDK-2.7/Pebble/lib/libpebble.a(tmpu_Elzfpebble.o)
                0x0000000000002bfc                graphics_text_layout_get_content_size
 .text.accel_data_service_subscribe
                0x0000000000002c08        0xc /Users/jameswang/pebble-dev/PebbleSDK-2.7/Pebble/lib/libpebble.a(tmpu_Elzfpebble.o)
                0x0000000000002c08                accel_data_service_subscribe
 .text.menu_layer_set_callbacks
                0x0000000000002c14        0xc /Users/jameswang/pebble-dev/PebbleSDK-2.7/Pebble/lib/libpebble.a(tmpu_Elzfpebble.o)
                0x0000000000002c14                menu_layer_set_callbacks
 *(.rodata)
 *(.rodata*)
 .rodata.str1.1
                0x0000000000002c20       0x26 src/simply/simply_msg.c.12.o
 .rodata.str1.1
                0x0000000000002c46       0x16 src/simply/simply_stage.c.12.o
 .rodata.str1.1
                0x0000000000002c5c       0x7d src/simply/simply_ui.c.12.o

.glue_7         0x0000000000002cdc        0x0
 .glue_7        0x0000000000000000        0x0 linker stubs

.glue_7t        0x0000000000002cdc        0x0
 .glue_7t       0x0000000000000000        0x0 linker stubs

.vfp11_veneer   0x0000000000002cdc        0x0
 .vfp11_veneer  0x0000000000000000        0x0 linker stubs

.v4_bx          0x0000000000002cdc        0x0
 .v4_bx         0x0000000000000000        0x0 linker stubs

.iplt           0x0000000000002cdc        0x0
 .iplt          0x0000000000000000        0x0 /Users/jameswang/pebble-dev/PebbleSDK-2.7/arm-cs-tools/bin/../lib/gcc/arm-none-eabi/4.7.2/thumb2/crtbegin.o

.rel.dyn        0x0000000000002cdc        0x0
 .rel.iplt      0x0000000000000000        0x0 /Users/jameswang/pebble-dev/PebbleSDK-2.7/arm-cs-tools/bin/../lib/gcc/arm-none-eabi/4.7.2/thumb2/crtbegin.o

.data           0x0000000000002cdc       0x7c
 *(.data)
 .data          0x0000000000002cdc        0x0 /Users/jameswang/pebble-dev/PebbleSDK-2.7/arm-cs-tools/bin/../lib/gcc/arm-none-eabi/4.7.2/thumb2/crti.o
 .data          0x0000000000002cdc        0x4 /Users/jameswang/pebble-dev/PebbleSDK-2.7/arm-cs-tools/bin/../lib/gcc/arm-none-eabi/4.7.2/thumb2/crtbegin.o
                0x0000000000002cdc                __dso_handle
 .data          0x0000000000002ce0        0x0 src/main.c.12.o
 .data          0x0000000000002ce0        0x0 src/simply/simply.c.12.o
 .data          0x0000000000002ce0        0x0 src/simply/simply_accel.c.12.o
 .data          0x0000000000002ce0       0x10 src/simply/simply_menu.c.12.o
 .data          0x0000000000002cf0        0x0 src/simply/simply_msg.c.12.o
 .data          0x0000000000002cf0        0x0 src/simply/simply_res.c.12.o
 .data          0x0000000000002cf0        0x0 src/simply/simply_splash.c.12.o
 .data          0x0000000000002cf0       0x10 src/simply/simply_stage.c.12.o
 .data          0x0000000000002d00       0x10 src/simply/simply_ui.c.12.o
 .data          0x0000000000002d10        0x0 src/simply/simply_window.c.12.o
 .data          0x0000000000002d10        0x0 src/simply/simply_window_stack.c.12.o
 .data          0x0000000000002d10        0x0 appinfo.auto.c.12.o
 .data          0x0000000000002d10        0x0 /Users/jameswang/pebble-dev/PebbleSDK-2.7/Pebble/lib/libpebble.a(tmpu_Elzfpebble.o)
 .data          0x0000000000002d10        0x0 /Users/jameswang/pebble-dev/PebbleSDK-2.7/arm-cs-tools/bin/../lib/gcc/arm-none-eabi/4.7.2/thumb2/crtend.o
 .data          0x0000000000002d10        0x0 /Users/jameswang/pebble-dev/PebbleSDK-2.7/arm-cs-tools/bin/../lib/gcc/arm-none-eabi/4.7.2/thumb2/crtn.o
 *(.data.*)
 .data.s_broadcast_window
                0x0000000000002d10        0x1 src/simply/simply_msg.c.12.o
 *fill*         0x0000000000002d11        0x3 
 .data.rel.ro.implementation.7242
                0x0000000000002d14       0x14 src/simply/simply_stage.c.12.o
 .data.rel.local.STYLES
                0x0000000000002d28       0x30 src/simply/simply_ui.c.12.o

.igot.plt       0x0000000000002d58        0x0
 .igot.plt      0x0000000000000000        0x0 /Users/jameswang/pebble-dev/PebbleSDK-2.7/arm-cs-tools/bin/../lib/gcc/arm-none-eabi/4.7.2/thumb2/crtbegin.o

.bss            0x0000000000002d58      0x10a
 *(.bss)
 *(.bss.*)
 .bss.s_accel   0x0000000000002d58        0x4 src/simply/simply_accel.c.12.o
                0x0000000000002d58                s_accel
 .bss.s_provider.6999
                0x0000000000002d5c        0x4 src/simply/simply_menu.c.12.o
 .bss.EMPTY_TITLE
                0x0000000000002d60        0x1 src/simply/simply_menu.c.12.o
 .bss.s_has_communicated
                0x0000000000002d61        0x1 src/simply/simply_msg.c.12.o
 .bss.time_text.7147
                0x0000000000002d62      0x100 src/simply/simply_stage.c.12.o

DISCARD
 libc.a(*)
 libm.a(*)
 libgcc.a(*)
 *(.eh_frame)
OUTPUT(/Users/jameswang/CS/readdit/build/pebble-app.elf elf32-littlearm)

.ARM.attributes
                0x0000000000000000       0x27
 .ARM.attributes
                0x0000000000000000       0x19 /Users/jameswang/pebble-dev/PebbleSDK-2.7/arm-cs-tools/bin/../lib/gcc/arm-none-eabi/4.7.2/thumb2/crti.o
 .ARM.attributes
                0x0000000000000019       0x29 /Users/jameswang/pebble-dev/PebbleSDK-2.7/arm-cs-tools/bin/../lib/gcc/arm-none-eabi/4.7.2/thumb2/crtbegin.o
 .ARM.attributes
                0x0000000000000042       0x33 src/main.c.12.o
 .ARM.attributes
                0x0000000000000075       0x33 src/simply/simply.c.12.o
 .ARM.attributes
                0x00000000000000a8       0x33 src/simply/simply_accel.c.12.o
 .ARM.attributes
                0x00000000000000db       0x33 src/simply/simply_menu.c.12.o
 .ARM.attributes
                0x000000000000010e       0x33 src/simply/simply_msg.c.12.o
 .ARM.attributes
                0x0000000000000141       0x33 src/simply/simply_res.c.12.o
 .ARM.attributes
                0x0000000000000174       0x33 src/simply/simply_splash.c.12.o
 .ARM.attributes
                0x00000000000001a7       0x33 src/simply/simply_stage.c.12.o
 .ARM.attributes
                0x00000000000001da       0x33 src/simply/simply_ui.c.12.o
 .ARM.attributes
                0x000000000000020d       0x33 src/simply/simply_window.c.12.o
 .ARM.attributes
                0x0000000000000240       0x33 src/simply/simply_window_stack.c.12.o
 .ARM.attributes
                0x0000000000000273       0x33 appinfo.auto.c.12.o
 .ARM.attributes
                0x00000000000002a6       0x21 /Users/jameswang/pebble-dev/PebbleSDK-2.7/Pebble/lib/libpebble.a(tmpu_Elzfpebble.o)
 .ARM.attributes
                0x00000000000002c7       0x29 /Users/jameswang/pebble-dev/PebbleSDK-2.7/arm-cs-tools/bin/../lib/gcc/arm-none-eabi/4.7.2/thumb2/crtend.o
 .ARM.attributes
                0x00000000000002f0       0x19 /Users/jameswang/pebble-dev/PebbleSDK-2.7/arm-cs-tools/bin/../lib/gcc/arm-none-eabi/4.7.2/thumb2/crtn.o

.comment        0x0000000000000000       0x4e
 .comment       0x0000000000000000       0x4e /Users/jameswang/pebble-dev/PebbleSDK-2.7/arm-cs-tools/bin/../lib/gcc/arm-none-eabi/4.7.2/thumb2/crtbegin.o
                                         0x4f (size before relaxing)
 .comment       0x0000000000000000       0x4f src/main.c.12.o
 .comment       0x0000000000000000       0x4f src/simply/simply.c.12.o
 .comment       0x0000000000000000       0x4f src/simply/simply_accel.c.12.o
 .comment       0x0000000000000000       0x4f src/simply/simply_menu.c.12.o
 .comment       0x0000000000000000       0x4f src/simply/simply_msg.c.12.o
 .comment       0x0000000000000000       0x4f src/simply/simply_res.c.12.o
 .comment       0x0000000000000000       0x4f src/simply/simply_splash.c.12.o
 .comment       0x0000000000000000       0x4f src/simply/simply_stage.c.12.o
 .comment       0x0000000000000000       0x4f src/simply/simply_ui.c.12.o
 .comment       0x0000000000000000       0x4f src/simply/simply_window.c.12.o
 .comment       0x0000000000000000       0x4f src/simply/simply_window_stack.c.12.o
 .comment       0x0000000000000000       0x4f appinfo.auto.c.12.o
 .comment       0x0000000000000000       0x4f /Users/jameswang/pebble-dev/PebbleSDK-2.7/arm-cs-tools/bin/../lib/gcc/arm-none-eabi/4.7.2/thumb2/crtend.o

.debug_info     0x0000000000000000    0x10c0f
 .debug_info    0x0000000000000000      0x235 src/main.c.12.o
 .debug_info    0x0000000000000235      0xbbc src/simply/simply.c.12.o
 .debug_info    0x0000000000000df1      0x6e3 src/simply/simply_accel.c.12.o
 .debug_info    0x00000000000014d4     0x2711 src/simply/simply_menu.c.12.o
 .debug_info    0x0000000000003be5     0x4cfa src/simply/simply_msg.c.12.o
 .debug_info    0x00000000000088df      0xf54 src/simply/simply_res.c.12.o
 .debug_info    0x0000000000009833      0x941 src/simply/simply_splash.c.12.o
 .debug_info    0x000000000000a174     0x2fc3 src/simply/simply_stage.c.12.o
 .debug_info    0x000000000000d137     0x1b40 src/simply/simply_ui.c.12.o
 .debug_info    0x000000000000ec77     0x1448 src/simply/simply_window.c.12.o
 .debug_info    0x00000000000100bf      0x830 src/simply/simply_window_stack.c.12.o
 .debug_info    0x00000000000108ef      0x320 appinfo.auto.c.12.o

.debug_abbrev   0x0000000000000000     0x2812
 .debug_abbrev  0x0000000000000000      0x14d src/main.c.12.o
 .debug_abbrev  0x000000000000014d      0x29e src/simply/simply.c.12.o
 .debug_abbrev  0x00000000000003eb      0x26e src/simply/simply_accel.c.12.o
 .debug_abbrev  0x0000000000000659      0x4e3 src/simply/simply_menu.c.12.o
 .debug_abbrev  0x0000000000000b3c      0x5ce src/simply/simply_msg.c.12.o
 .debug_abbrev  0x000000000000110a      0x3fc src/simply/simply_res.c.12.o
 .debug_abbrev  0x0000000000001506      0x2d7 src/simply/simply_splash.c.12.o
 .debug_abbrev  0x00000000000017dd      0x55d src/simply/simply_stage.c.12.o
 .debug_abbrev  0x0000000000001d3a      0x443 src/simply/simply_ui.c.12.o
 .debug_abbrev  0x000000000000217d      0x3a4 src/simply/simply_window.c.12.o
 .debug_abbrev  0x0000000000002521      0x253 src/simply/simply_window_stack.c.12.o
 .debug_abbrev  0x0000000000002774       0x9e appinfo.auto.c.12.o

.debug_loc      0x0000000000000000     0x6467
 .debug_loc     0x0000000000000000       0x3e src/main.c.12.o
 .debug_loc     0x000000000000003e       0x7c src/simply/simply.c.12.o
 .debug_loc     0x00000000000000ba      0x230 src/simply/simply_accel.c.12.o
 .debug_loc     0x00000000000002ea     0x13c9 src/simply/simply_menu.c.12.o
 .debug_loc     0x00000000000016b3     0x17b2 src/simply/simply_msg.c.12.o
 .debug_loc     0x0000000000002e65      0xb94 src/simply/simply_res.c.12.o
 .debug_loc     0x00000000000039f9      0x1ec src/simply/simply_splash.c.12.o
 .debug_loc     0x0000000000003be5     0x1020 src/simply/simply_stage.c.12.o
 .debug_loc     0x0000000000004c05      0xd57 src/simply/simply_ui.c.12.o
 .debug_loc     0x000000000000595c      0x845 src/simply/simply_window.c.12.o
 .debug_loc     0x00000000000061a1      0x2c6 src/simply/simply_window_stack.c.12.o

.debug_aranges  0x0000000000000000      0x5c8
 .debug_aranges
                0x0000000000000000       0x20 src/main.c.12.o
 .debug_aranges
                0x0000000000000020       0x28 src/simply/simply.c.12.o
 .debug_aranges
                0x0000000000000048       0x48 src/simply/simply_accel.c.12.o
 .debug_aranges
                0x0000000000000090      0x120 src/simply/simply_menu.c.12.o
 .debug_aranges
                0x00000000000001b0      0x100 src/simply/simply_msg.c.12.o
 .debug_aranges
                0x00000000000002b0       0x80 src/simply/simply_res.c.12.o
 .debug_aranges
                0x0000000000000330       0x40 src/simply/simply_splash.c.12.o
 .debug_aranges
                0x0000000000000370       0xe8 src/simply/simply_stage.c.12.o
 .debug_aranges
                0x0000000000000458       0x78 src/simply/simply_ui.c.12.o
 .debug_aranges
                0x00000000000004d0       0x90 src/simply/simply_window.c.12.o
 .debug_aranges
                0x0000000000000560       0x50 src/simply/simply_window_stack.c.12.o
 .debug_aranges
                0x00000000000005b0       0x18 appinfo.auto.c.12.o

.debug_ranges   0x0000000000000000      0xb90
 .debug_ranges  0x0000000000000000       0x10 src/main.c.12.o
 .debug_ranges  0x0000000000000010       0x18 src/simply/simply.c.12.o
 .debug_ranges  0x0000000000000028       0x38 src/simply/simply_accel.c.12.o
 .debug_ranges  0x0000000000000060      0x268 src/simply/simply_menu.c.12.o
 .debug_ranges  0x00000000000002c8      0x2b0 src/simply/simply_msg.c.12.o
 .debug_ranges  0x0000000000000578       0xb8 src/simply/simply_res.c.12.o
 .debug_ranges  0x0000000000000630       0x30 src/simply/simply_splash.c.12.o
 .debug_ranges  0x0000000000000660      0x280 src/simply/simply_stage.c.12.o
 .debug_ranges  0x00000000000008e0      0x148 src/simply/simply_ui.c.12.o
 .debug_ranges  0x0000000000000a28      0x128 src/simply/simply_window.c.12.o
 .debug_ranges  0x0000000000000b50       0x40 src/simply/simply_window_stack.c.12.o

.debug_line     0x0000000000000000     0x2b65
 .debug_line    0x0000000000000000       0xa0 src/main.c.12.o
 .debug_line    0x00000000000000a0      0x293 src/simply/simply.c.12.o
 .debug_line    0x0000000000000333      0x264 src/simply/simply_accel.c.12.o
 .debug_line    0x0000000000000597      0x6b1 src/simply/simply_menu.c.12.o
 .debug_line    0x0000000000000c48      0x65c src/simply/simply_msg.c.12.o
 .debug_line    0x00000000000012a4      0x391 src/simply/simply_res.c.12.o
 .debug_line    0x0000000000001635      0x253 src/simply/simply_splash.c.12.o
 .debug_line    0x0000000000001888      0x699 src/simply/simply_stage.c.12.o
 .debug_line    0x0000000000001f21      0x4be src/simply/simply_ui.c.12.o
 .debug_line    0x00000000000023df      0x3ba src/simply/simply_window.c.12.o
 .debug_line    0x0000000000002799      0x2a8 src/simply/simply_window_stack.c.12.o
 .debug_line    0x0000000000002a41      0x124 appinfo.auto.c.12.o

.debug_str      0x0000000000000000     0x39ce
 .debug_str     0x0000000000000000      0x16a src/main.c.12.o
                                        0x1a9 (size before relaxing)
 .debug_str     0x000000000000016a      0x477 src/simply/simply.c.12.o
                                        0x681 (size before relaxing)
 .debug_str     0x00000000000005e1      0x1cd src/simply/simply_accel.c.12.o
                                        0x496 (size before relaxing)
 .debug_str     0x00000000000007ae      0xa00 src/simply/simply_menu.c.12.o
                                        0xf49 (size before relaxing)
 .debug_str     0x00000000000011ae     0x17c6 src/simply/simply_msg.c.12.o
                                       0x2187 (size before relaxing)
 .debug_str     0x0000000000002974      0x152 src/simply/simply_res.c.12.o
                                        0x4c5 (size before relaxing)
 .debug_str     0x0000000000002ac6      0x181 src/simply/simply_splash.c.12.o
                                        0x528 (size before relaxing)
 .debug_str     0x0000000000002c47      0x6d3 src/simply/simply_stage.c.12.o
                                       0x14b7 (size before relaxing)
 .debug_str     0x000000000000331a      0x1dd src/simply/simply_ui.c.12.o
                                        0xdc0 (size before relaxing)
 .debug_str     0x00000000000034f7      0x346 src/simply/simply_window.c.12.o
                                        0xab4 (size before relaxing)
 .debug_str     0x000000000000383d       0x41 src/simply/simply_window_stack.c.12.o
                                        0x4c3 (size before relaxing)
 .debug_str     0x000000000000387e      0x150 appinfo.auto.c.12.o
                                        0x2f7 (size before relaxing)

.debug_frame    0x0000000000000000      0xfbc
 .debug_frame   0x0000000000000000       0x28 src/main.c.12.o
 .debug_frame   0x0000000000000028       0x40 src/simply/simply.c.12.o
 .debug_frame   0x0000000000000068       0x90 src/simply/simply_accel.c.12.o
 .debug_frame   0x00000000000000f8      0x334 src/simply/simply_menu.c.12.o
 .debug_frame   0x000000000000042c      0x30c src/simply/simply_msg.c.12.o
 .debug_frame   0x0000000000000738      0x158 src/simply/simply_res.c.12.o
 .debug_frame   0x0000000000000890       0x9c src/simply/simply_splash.c.12.o
 .debug_frame   0x000000000000092c      0x2b4 src/simply/simply_stage.c.12.o
 .debug_frame   0x0000000000000be0      0x170 src/simply/simply_ui.c.12.o
 .debug_frame   0x0000000000000d50      0x1ac src/simply/simply_window.c.12.o
 .debug_frame   0x0000000000000efc       0xc0 src/simply/simply_window_stack.c.12.o
